[0.722s] Invoking command in '/home/intern/px4_ros_com_ws/src/swarm_controller/swarm_controller_pkg': PYTHONPATH=/home/intern/px4_ros_com_ws/build/swarm_controller_pkg/prefix_override:/usr/lib/python3/dist-packages/colcon_core/task/python/colcon_distutils_commands:/home/intern/px4_ros_com_ws/install/swarm_controller_pkg/lib/python3.8/site-packages:${PYTHONPATH} /usr/bin/python3 -W ignore:setup.py install is deprecated -W ignore:easy_install command is deprecated setup.py egg_info --egg-base ../../../build/swarm_controller_pkg build --build-base /home/intern/px4_ros_com_ws/build/swarm_controller_pkg/build install --record /home/intern/px4_ros_com_ws/build/swarm_controller_pkg/install.log --install-scripts $base/lib/swarm_controller_pkg --single-version-externally-managed install_data
[0.991s] running egg_info
[0.991s] writing ../../../build/swarm_controller_pkg/swarm_controller_pkg.egg-info/PKG-INFO
[0.992s] writing dependency_links to ../../../build/swarm_controller_pkg/swarm_controller_pkg.egg-info/dependency_links.txt
[0.992s] writing entry points to ../../../build/swarm_controller_pkg/swarm_controller_pkg.egg-info/entry_points.txt
[0.992s] writing requirements to ../../../build/swarm_controller_pkg/swarm_controller_pkg.egg-info/requires.txt
[0.992s] writing top-level names to ../../../build/swarm_controller_pkg/swarm_controller_pkg.egg-info/top_level.txt
[1.032s] reading manifest file '../../../build/swarm_controller_pkg/swarm_controller_pkg.egg-info/SOURCES.txt'
[1.033s] writing manifest file '../../../build/swarm_controller_pkg/swarm_controller_pkg.egg-info/SOURCES.txt'
[1.033s] running build
[1.033s] running build_py
[1.033s] copying swarm_controller_pkg/swarm_logger.py -> /home/intern/px4_ros_com_ws/build/swarm_controller_pkg/build/lib/swarm_controller_pkg
[1.033s] running install
[1.034s] running install_lib
[1.035s] copying /home/intern/px4_ros_com_ws/build/swarm_controller_pkg/build/lib/swarm_controller_pkg/swarm_logger.py -> /home/intern/px4_ros_com_ws/install/swarm_controller_pkg/lib/python3.8/site-packages/swarm_controller_pkg
[1.035s] byte-compiling /home/intern/px4_ros_com_ws/install/swarm_controller_pkg/lib/python3.8/site-packages/swarm_controller_pkg/swarm_logger.py to swarm_logger.cpython-38.pyc
[1.037s] Sorry: IndentationError: expected an indented block (swarm_logger.py, line 54)
[1.037s] running install_data
[1.037s] running install_egg_info
[1.038s] removing '/home/intern/px4_ros_com_ws/install/swarm_controller_pkg/lib/python3.8/site-packages/swarm_controller_pkg-0.0.0-py3.8.egg-info' (and everything under it)
[1.039s] Copying ../../../build/swarm_controller_pkg/swarm_controller_pkg.egg-info to /home/intern/px4_ros_com_ws/install/swarm_controller_pkg/lib/python3.8/site-packages/swarm_controller_pkg-0.0.0-py3.8.egg-info
[1.040s] running install_scripts
[1.058s] Installing formation_controller script to /home/intern/px4_ros_com_ws/install/swarm_controller_pkg/lib/swarm_controller_pkg
[1.058s] Installing leader_listener script to /home/intern/px4_ros_com_ws/install/swarm_controller_pkg/lib/swarm_controller_pkg
[1.059s] Installing offboard_takeoff script to /home/intern/px4_ros_com_ws/install/swarm_controller_pkg/lib/swarm_controller_pkg
[1.059s] Installing swarm_logger script to /home/intern/px4_ros_com_ws/install/swarm_controller_pkg/lib/swarm_controller_pkg
[1.059s] writing list of installed files to '/home/intern/px4_ros_com_ws/build/swarm_controller_pkg/install.log'
[1.081s] Invoked command in '/home/intern/px4_ros_com_ws/src/swarm_controller/swarm_controller_pkg' returned '0': PYTHONPATH=/home/intern/px4_ros_com_ws/build/swarm_controller_pkg/prefix_override:/usr/lib/python3/dist-packages/colcon_core/task/python/colcon_distutils_commands:/home/intern/px4_ros_com_ws/install/swarm_controller_pkg/lib/python3.8/site-packages:${PYTHONPATH} /usr/bin/python3 -W ignore:setup.py install is deprecated -W ignore:easy_install command is deprecated setup.py egg_info --egg-base ../../../build/swarm_controller_pkg build --build-base /home/intern/px4_ros_com_ws/build/swarm_controller_pkg/build install --record /home/intern/px4_ros_com_ws/build/swarm_controller_pkg/install.log --install-scripts $base/lib/swarm_controller_pkg --single-version-externally-managed install_data
