/home/intern/px4_ros_com_ws/install/swarm_controller_pkg/lib/python3.8/site-packages/swarm_controller_pkg/swarm_logger.py
/home/intern/px4_ros_com_ws/install/swarm_controller_pkg/lib/python3.8/site-packages/swarm_controller_pkg/formation_controller.py
/home/intern/px4_ros_com_ws/install/swarm_controller_pkg/lib/python3.8/site-packages/swarm_controller_pkg/setup.py
/home/intern/px4_ros_com_ws/install/swarm_controller_pkg/lib/python3.8/site-packages/swarm_controller_pkg/leader_listener.py
/home/intern/px4_ros_com_ws/install/swarm_controller_pkg/lib/python3.8/site-packages/swarm_controller_pkg/__init__.py
/home/intern/px4_ros_com_ws/install/swarm_controller_pkg/lib/python3.8/site-packages/swarm_controller_pkg/offboard_takeoff.py
/home/intern/px4_ros_com_ws/install/swarm_controller_pkg/lib/python3.8/site-packages/swarm_controller_pkg/follower_controller.py
/home/intern/px4_ros_com_ws/install/swarm_controller_pkg/lib/python3.8/site-packages/swarm_controller_pkg/__pycache__/swarm_logger.cpython-38.pyc
/home/intern/px4_ros_com_ws/install/swarm_controller_pkg/lib/python3.8/site-packages/swarm_controller_pkg/__pycache__/formation_controller.cpython-38.pyc
/home/intern/px4_ros_com_ws/install/swarm_controller_pkg/lib/python3.8/site-packages/swarm_controller_pkg/__pycache__/setup.cpython-38.pyc
/home/intern/px4_ros_com_ws/install/swarm_controller_pkg/lib/python3.8/site-packages/swarm_controller_pkg/__pycache__/leader_listener.cpython-38.pyc
/home/intern/px4_ros_com_ws/install/swarm_controller_pkg/lib/python3.8/site-packages/swarm_controller_pkg/__pycache__/__init__.cpython-38.pyc
/home/intern/px4_ros_com_ws/install/swarm_controller_pkg/lib/python3.8/site-packages/swarm_controller_pkg/__pycache__/offboard_takeoff.cpython-38.pyc
/home/intern/px4_ros_com_ws/install/swarm_controller_pkg/lib/python3.8/site-packages/swarm_controller_pkg/__pycache__/follower_controller.cpython-38.pyc
/home/intern/px4_ros_com_ws/install/swarm_controller_pkg/share/ament_index/resource_index/packages/swarm_controller_pkg
/home/intern/px4_ros_com_ws/install/swarm_controller_pkg/share/swarm_controller_pkg/package.xml
/home/intern/px4_ros_com_ws/install/swarm_controller_pkg/lib/python3.8/site-packages/swarm_controller_pkg-0.0.0-py3.8.egg-info/entry_points.txt
/home/intern/px4_ros_com_ws/install/swarm_controller_pkg/lib/python3.8/site-packages/swarm_controller_pkg-0.0.0-py3.8.egg-info/zip-safe
/home/intern/px4_ros_com_ws/install/swarm_controller_pkg/lib/python3.8/site-packages/swarm_controller_pkg-0.0.0-py3.8.egg-info/dependency_links.txt
/home/intern/px4_ros_com_ws/install/swarm_controller_pkg/lib/python3.8/site-packages/swarm_controller_pkg-0.0.0-py3.8.egg-info/top_level.txt
/home/intern/px4_ros_com_ws/install/swarm_controller_pkg/lib/python3.8/site-packages/swarm_controller_pkg-0.0.0-py3.8.egg-info/PKG-INFO
/home/intern/px4_ros_com_ws/install/swarm_controller_pkg/lib/python3.8/site-packages/swarm_controller_pkg-0.0.0-py3.8.egg-info/requires.txt
/home/intern/px4_ros_com_ws/install/swarm_controller_pkg/lib/python3.8/site-packages/swarm_controller_pkg-0.0.0-py3.8.egg-info/SOURCES.txt
/home/intern/px4_ros_com_ws/install/swarm_controller_pkg/lib/swarm_controller_pkg/formation_controller
/home/intern/px4_ros_com_ws/install/swarm_controller_pkg/lib/swarm_controller_pkg/leader_listener
/home/intern/px4_ros_com_ws/install/swarm_controller_pkg/lib/swarm_controller_pkg/offboard_takeoff
/home/intern/px4_ros_com_ws/install/swarm_controller_pkg/lib/swarm_controller_pkg/swarm_logger
