running egg_info
creating ../../../build/swarm_controller_pkg/swarm_controller_pkg.egg-info
writing ../../../build/swarm_controller_pkg/swarm_controller_pkg.egg-info/PKG-INFO
writing dependency_links to ../../../build/swarm_controller_pkg/swarm_controller_pkg.egg-info/dependency_links.txt
writing entry points to ../../../build/swarm_controller_pkg/swarm_controller_pkg.egg-info/entry_points.txt
writing requirements to ../../../build/swarm_controller_pkg/swarm_controller_pkg.egg-info/requires.txt
writing top-level names to ../../../build/swarm_controller_pkg/swarm_controller_pkg.egg-info/top_level.txt
writing manifest file '../../../build/swarm_controller_pkg/swarm_controller_pkg.egg-info/SOURCES.txt'
reading manifest file '../../../build/swarm_controller_pkg/swarm_controller_pkg.egg-info/SOURCES.txt'
writing manifest file '../../../build/swarm_controller_pkg/swarm_controller_pkg.egg-info/SOURCES.txt'
running build
running build_py
creating /home/intern/px4_ros_com_ws/build/swarm_controller_pkg/build
creating /home/intern/px4_ros_com_ws/build/swarm_controller_pkg/build/lib
creating /home/intern/px4_ros_com_ws/build/swarm_controller_pkg/build/lib/swarm_controller_pkg
copying swarm_controller_pkg/swarm_logger.py -> /home/intern/px4_ros_com_ws/build/swarm_controller_pkg/build/lib/swarm_controller_pkg
copying swarm_controller_pkg/formation_controller.py -> /home/intern/px4_ros_com_ws/build/swarm_controller_pkg/build/lib/swarm_controller_pkg
copying swarm_controller_pkg/setup.py -> /home/intern/px4_ros_com_ws/build/swarm_controller_pkg/build/lib/swarm_controller_pkg
copying swarm_controller_pkg/leader_listener.py -> /home/intern/px4_ros_com_ws/build/swarm_controller_pkg/build/lib/swarm_controller_pkg
copying swarm_controller_pkg/__init__.py -> /home/intern/px4_ros_com_ws/build/swarm_controller_pkg/build/lib/swarm_controller_pkg
copying swarm_controller_pkg/offboard_takeoff.py -> /home/intern/px4_ros_com_ws/build/swarm_controller_pkg/build/lib/swarm_controller_pkg
copying swarm_controller_pkg/follower_controller.py -> /home/intern/px4_ros_com_ws/build/swarm_controller_pkg/build/lib/swarm_controller_pkg
running install
running install_lib
creating /home/intern/px4_ros_com_ws/install/swarm_controller_pkg/lib/python3.8/site-packages/swarm_controller_pkg
copying /home/intern/px4_ros_com_ws/build/swarm_controller_pkg/build/lib/swarm_controller_pkg/swarm_logger.py -> /home/intern/px4_ros_com_ws/install/swarm_controller_pkg/lib/python3.8/site-packages/swarm_controller_pkg
copying /home/intern/px4_ros_com_ws/build/swarm_controller_pkg/build/lib/swarm_controller_pkg/formation_controller.py -> /home/intern/px4_ros_com_ws/install/swarm_controller_pkg/lib/python3.8/site-packages/swarm_controller_pkg
copying /home/intern/px4_ros_com_ws/build/swarm_controller_pkg/build/lib/swarm_controller_pkg/setup.py -> /home/intern/px4_ros_com_ws/install/swarm_controller_pkg/lib/python3.8/site-packages/swarm_controller_pkg
copying /home/intern/px4_ros_com_ws/build/swarm_controller_pkg/build/lib/swarm_controller_pkg/leader_listener.py -> /home/intern/px4_ros_com_ws/install/swarm_controller_pkg/lib/python3.8/site-packages/swarm_controller_pkg
copying /home/intern/px4_ros_com_ws/build/swarm_controller_pkg/build/lib/swarm_controller_pkg/__init__.py -> /home/intern/px4_ros_com_ws/install/swarm_controller_pkg/lib/python3.8/site-packages/swarm_controller_pkg
copying /home/intern/px4_ros_com_ws/build/swarm_controller_pkg/build/lib/swarm_controller_pkg/offboard_takeoff.py -> /home/intern/px4_ros_com_ws/install/swarm_controller_pkg/lib/python3.8/site-packages/swarm_controller_pkg
copying /home/intern/px4_ros_com_ws/build/swarm_controller_pkg/build/lib/swarm_controller_pkg/follower_controller.py -> /home/intern/px4_ros_com_ws/install/swarm_controller_pkg/lib/python3.8/site-packages/swarm_controller_pkg
byte-compiling /home/intern/px4_ros_com_ws/install/swarm_controller_pkg/lib/python3.8/site-packages/swarm_controller_pkg/swarm_logger.py to swarm_logger.cpython-38.pyc
byte-compiling /home/intern/px4_ros_com_ws/install/swarm_controller_pkg/lib/python3.8/site-packages/swarm_controller_pkg/formation_controller.py to formation_controller.cpython-38.pyc
byte-compiling /home/intern/px4_ros_com_ws/install/swarm_controller_pkg/lib/python3.8/site-packages/swarm_controller_pkg/setup.py to setup.cpython-38.pyc
byte-compiling /home/intern/px4_ros_com_ws/install/swarm_controller_pkg/lib/python3.8/site-packages/swarm_controller_pkg/leader_listener.py to leader_listener.cpython-38.pyc
byte-compiling /home/intern/px4_ros_com_ws/install/swarm_controller_pkg/lib/python3.8/site-packages/swarm_controller_pkg/__init__.py to __init__.cpython-38.pyc
byte-compiling /home/intern/px4_ros_com_ws/install/swarm_controller_pkg/lib/python3.8/site-packages/swarm_controller_pkg/offboard_takeoff.py to offboard_takeoff.cpython-38.pyc
byte-compiling /home/intern/px4_ros_com_ws/install/swarm_controller_pkg/lib/python3.8/site-packages/swarm_controller_pkg/follower_controller.py to follower_controller.cpython-38.pyc
running install_data
creating /home/intern/px4_ros_com_ws/install/swarm_controller_pkg/share/ament_index
creating /home/intern/px4_ros_com_ws/install/swarm_controller_pkg/share/ament_index/resource_index
creating /home/intern/px4_ros_com_ws/install/swarm_controller_pkg/share/ament_index/resource_index/packages
copying resource/swarm_controller_pkg -> /home/intern/px4_ros_com_ws/install/swarm_controller_pkg/share/ament_index/resource_index/packages
copying package.xml -> /home/intern/px4_ros_com_ws/install/swarm_controller_pkg/share/swarm_controller_pkg
running install_egg_info
Copying ../../../build/swarm_controller_pkg/swarm_controller_pkg.egg-info to /home/intern/px4_ros_com_ws/install/swarm_controller_pkg/lib/python3.8/site-packages/swarm_controller_pkg-0.0.0-py3.8.egg-info
running install_scripts
Installing formation_controller script to /home/intern/px4_ros_com_ws/install/swarm_controller_pkg/lib/swarm_controller_pkg
Installing leader_listener script to /home/intern/px4_ros_com_ws/install/swarm_controller_pkg/lib/swarm_controller_pkg
Installing offboard_takeoff script to /home/intern/px4_ros_com_ws/install/swarm_controller_pkg/lib/swarm_controller_pkg
Installing swarm_logger script to /home/intern/px4_ros_com_ws/install/swarm_controller_pkg/lib/swarm_controller_pkg
writing list of installed files to '/home/intern/px4_ros_com_ws/build/swarm_controller_pkg/install.log'
